root@260cdd563e34:/src/models/lraspp_mobilenet_v3_large_sol/lib_cpu# ldd libsol_lraspp_mobilenet_v3_large.so
        linux-vdso.so.1 (0x00007aaa3c063000)
        libsleef.so.3 => /usr/local/lib/libsleef.so.3 (0x00007aaa3afdf000)
        libsleefgnuabi.so.3 => /usr/local/lib/libsleefgnuabi.so.3 (0x00007aaa3bfb4000)
        libsol-dnn-dnnl-deployment-0.8.0rc5-3.7.1.so => /src/models/deeplabv3_resnet50_sol/lib_cpu/libsol-dnn-dnnl-deployment-0.8.0rc5-3.7.1.so (0x00007aaa38e00000)
        libstdc++.so.6 => /lib/x86_64-linux-gnu/libstdc++.so.6 (0x00007aaa38bd4000)
        libm.so.6 => /lib/x86_64-linux-gnu/libm.so.6 (0x00007aaa3aef8000)
        libgomp.so.1 => /lib/x86_64-linux-gnu/libgomp.so.1 (0x00007aaa3bf68000)
        libgcc_s.so.1 => /lib/x86_64-linux-gnu/libgcc_s.so.1 (0x00007aaa3bf48000)
        libc.so.6 => /lib/x86_64-linux-gnu/libc.so.6 (0x00007aaa389ab000)
        /lib64/ld-linux-x86-64.so.2 (0x00007aaa3c065000)
root@260cdd563e34:/src/models/lraspp_mobilenet_v3_large_sol/lib_cpu# python3 sol_lraspp_mobilenet_v3_large.py
Max_V: [[[11.838413 11.838413 11.838413 ... 10.455386 10.455386 10.455386]
  [11.838413 11.838413 11.838413 ... 10.455386 10.455386 10.455386]
  [11.838413 11.838413 11.838413 ... 10.455386 10.455386 10.455386]
  ...
  [10.774078 10.774078 10.774078 ... 10.952278 10.952277 10.952277]
  [10.774078 10.774078 10.774078 ... 10.952277 10.952277 10.952276]
  [10.774078 10.774078 10.774078 ... 10.952277 10.952277 10.952277]]]
Max_I: [[[0 0 0 ... 0 0 0]
  [0 0 0 ... 0 0 0]
  [0 0 0 ... 0 0 0]
  ...
  [0 0 0 ... 0 0 0]
  [0 0 0 ... 0 0 0]
  [0 0 0 ... 0 0 0]]]
Max_V: [[[11.903933 11.903933 11.903933 ... 11.136323 11.136323 11.136323]
  [11.903933 11.903933 11.903933 ... 11.136323 11.136323 11.136323]
  [11.903933 11.903933 11.903933 ... 11.136323 11.136323 11.136323]
  ...
  [11.225564 11.225564 11.225564 ... 11.023753 11.023753 11.023753]
  [11.225564 11.225564 11.225564 ... 11.023753 11.023753 11.023753]
  [11.225564 11.225564 11.225564 ... 11.023753 11.023753 11.023752]]]
Max_I: [[[0 0 0 ... 0 0 0]
  [0 0 0 ... 0 0 0]
  [0 0 0 ... 0 0 0]
  ...
  [0 0 0 ... 0 0 0]
  [0 0 0 ... 0 0 0]
  [0 0 0 ... 0 0 0]]]
Max_V: [[[11.903933 11.903933 11.903933 ... 11.136323 11.136323 11.136323]
  [11.903933 11.903933 11.903933 ... 11.136323 11.136323 11.136323]
  [11.903933 11.903933 11.903933 ... 11.136323 11.136323 11.136323]
  ...
  [11.225564 11.225564 11.225564 ... 11.023753 11.023753 11.023753]
  [11.225564 11.225564 11.225564 ... 11.023753 11.023753 11.023753]
  [11.225564 11.225564 11.225564 ... 11.023753 11.023753 11.023752]]]
Max_I: [[[0 0 0 ... 0 0 0]
  [0 0 0 ... 0 0 0]
  [0 0 0 ... 0 0 0]
  ...
  [0 0 0 ... 0 0 0]
  [0 0 0 ... 0 0 0]
  [0 0 0 ... 0 0 0]]]